1
                 Chemistry at HARvard Macromolecular Mechanics
           (CHARMM) - Developmental Version 41a2   February 15, 2016            
                             Git commit ID f89d5df                              
       Copyright(c) 1984-2014  President and Fellows of Harvard College
                              All Rights Reserved
     Current operating system: Linux-2.6.32-220.23.1.el6.x86_64(x86_64)@nod     
                 Created on  9/30/16 at 17:17:55 by user: ra15808     

            Maximum number of ATOMS:    360720, and RESidues:      120240
 RDTITL> * CREATE SMALL TEST SYSTEM
 RDTITL> *
  
 CHARMM>     
  
 CHARMM>     
  
 CHARMM>    read rtf card name ./common/top_all36_prot.rtf
 VOPEN> Attempting to open::./common/top_all36_prot.rtf::
 MAINIO> Residue topology file being read from unit  90.
 TITLE> *>>>>>>>>CHARMM36 ALL-HYDROGEN TOPOLOGY FILE FOR PROTEINS <<<<<<
 TITLE> *>>>>> INCLUDES PHI, PSI CROSS TERM MAP (CMAP) CORRECTION <<<<<<<
 TITLE> *>>>>>>>>>>>>>>>>>>>>>>>>>> MAY 2011 <<<<<<<<<<<<<<<<<<<<<<<<<<<<
 TITLE> * ALL COMMENTS TO THE CHARMM WEB SITE: WWW.CHARMM.ORG
 TITLE> *             PARAMETER SET DISCUSSION FORUM
 TITLE> *
 VCLOSE: Closing unit   90 with status "KEEP"
  
 CHARMM>    read param card flex name ./common/par_all36_prot.prm
 VOPEN> Attempting to open::./common/par_all36_prot.prm::

          PARAMETER FILE BEING READ FROM UNIT 90
 TITLE> *>>>> CHARMM36 ALL-HYDROGEN PARAMETER FILE FOR PROTEINS <<<<<<<<<<
 TITLE> *>>>>> INCLUDES PHI, PSI CROSS TERM MAP (CMAP) CORRECTION <<<<<<<<
 TITLE> *>>>>>>>>>>>>>>>>>>>>>>>>>> FEB. 2012 <<<<<<<<<<<<<<<<<<<<<<<<<<<<
 TITLE> * ALL COMMENTS TO THE CHARMM WEB SITE: WWW.CHARMM.ORG
 TITLE> *             PARAMETER SET DISCUSSION FORUM
 TITLE> *
 PARMIO> NONBOND, HBOND lists and IMAGE atoms cleared.
 VCLOSE: Closing unit   90 with status "KEEP"
  
 CHARMM>    stream ./common/toppar_water_ions.str
 VOPEN> Attempting to open::./common/toppar_water_ions.str::
 OPNLGU> Unit 99 opened for READONLY access to ./common/toppar_water_ions.str

                    INPUT STREAM SWITCHING TO UNIT    99
 RDTITL> * TOPLOGY AND PARAMETER INFORMATION FOR WATER AND IONS.
 RDTITL> *
 Parameter: IN1 <- "" <empty>
  
 CHARMM>     
  
 CHARMM>    !Testcase
 CHARMM>    !test_water_ions.inp
 CHARMM>     
  
 CHARMM>    ! IMPORTANT NOTE: this file contains NBFixes between carboxylates and sodium,
 CHARMM>    ! which will only apply if the main files containing carboxylate atom types
 CHARMM>    ! have been read in first!
 CHARMM>     
  
 CHARMM>    !references
 CHARMM>    !
 CHARMM>    !TIP3P water model
 CHARMM>    !
 CHARMM>    !W.L. Jorgensen; J.Chandrasekhar; J.D. Madura; R.W. Impey;
 CHARMM>    !M.L. Klein; "Comparison of simple potential functions for
 CHARMM>    !simulating liquid water", J. Chem. Phys. 79 926-935 (1983).
 CHARMM>    !
 CHARMM>    !IONS
 CHARMM>    !
 CHARMM>    !Ions from Roux and coworkers
 CHARMM>    !
 CHARMM>    !Beglov, D. and Roux, B., Finite Representation of an Infinite
 CHARMM>    !Bulk System: Solvent Boundary Potential for Computer Simulations,
 CHARMM>    !Journal of Chemical Physics, 1994, 100: 9050-9063
 CHARMM>    !
 CHARMM>    !ZINC
 CHARMM>    !
 CHARMM>    !Stote, R.H. and Karplus, M. Zinc Binding in Proteins and
 CHARMM>    !Solution: A Simple but Accurate Nonbonded Representation, PROTEINS:
 CHARMM>    !Structure, Function, and Genetics 23:12-31 (1995)
 CHARMM>     
  
 CHARMM>    !test "append" to determine if previous toppar files have been read and
 CHARMM>    !add append to "read rtf card" if true
 CHARMM>    set nat ?NATC
 RDCMND substituted energy or value "?NATC" to "83"
 Parameter: NAT <- "83"
  
 CHARMM>    set app
 Parameter: APP <- "" <empty>
  
 CHARMM>    !We're exploiting what is arguably a bug in the parser. On the left hand side,
 CHARMM>    !the quotes have priority, so NAT is correctly substituted. On the right hand
 CHARMM>    !side, the ? has priority and NATC" (sic) is not a valid substitution...
 CHARMM>    if "@NAT" ne "?NATC" if @nat ne 0 set app append
 Parameter: NAT -> "83"
 Parameter: NAT -> "83"
 RDCMND: can not substitute energy "?NATC""
 Comparing ""83"" and ""?NATC"".
 IF test evaluated as true.  Performing command
 Comparing "83" and "0".
 IF test evaluated as true.  Performing command
 Parameter: APP <- "APPEND"
  
 CHARMM>     
  
 CHARMM>    read rtf card @app
 Parameter: APP -> "APPEND"
 MAINIO> Residue topology file being read from unit  99.
 RDTITL> * TOPOLOGY FOR WATER AND IONS
 RDTITL> *
  
 CHARMM>     
  
 CHARMM>    read para card flex @app
 Parameter: APP -> "APPEND"

          PARAMETER FILE BEING READ FROM UNIT 99
 RDTITL> * PARAMETERS FOR WATER AND IONS
 RDTITL> *
 PARMIO> NONBOND, HBOND lists and IMAGE atoms cleared.
  
 CHARMM>     
  
 CHARMM>    ! The following section contains NBFixes for sodium interacting with
 CHARMM>    ! carboxylate oxygens of various CHARMM force fields. It will generate
 CHARMM>    ! level -1 warnings whenever any of these force fields have not been
 CHARMM>    ! read prior to the current stream file. Since we don't want to force
 CHARMM>    ! the user to always read all the force fields, we're suppressing the
 CHARMM>    ! warnings. The only side effect is that you will have "most severe
 CHARMM>    ! warning was at level 0" at the end of your output. Also note that
 CHARMM>    ! the user is responsible for reading the current file last if they
 CHARMM>    ! want the NBFixes to apply. A more elegant solution would require new
 CHARMM>    ! features to be added to CHARMM.
 CHARMM>    ! parallel fix, to avoid duplicated messages in the log
 CHARMM>    set para
 Parameter: PARA <- "" <empty>
  
 CHARMM>    if ?NUMNODE gt 1 set para node 0
 RDCMND substituted energy or value "?NUMNODE" to "1"
 Comparing "1" and "1".
 IF test evaluated as false.  Skipping command
  
 CHARMM>     
  
 CHARMM>    set wrn ?WRNLEV
 RDCMND substituted energy or value "?WRNLEV" to "5"
 Parameter: WRN <- "5"
  
 CHARMM>    ! Some versions of CHARMM don't seem to initialize wrnlev...
 CHARMM>    if "@WRN" eq "?WRNLEV" set wrn 5
 Parameter: WRN -> "5"
 RDCMND: can not substitute energy "?WRNLEV""
 Comparing ""5"" and ""?WRNLEV"".
 IF test evaluated as false.  Skipping command
  
 CHARMM>    set bom ?bomlev
 RDCMND substituted energy or value "?BOMLEV" to "0"
 Parameter: BOM <- "0"
  
 CHARMM>    WRNLEV -1 @PARA
 Parameter: PARA -> "" <empty>
  
 CHARMM>    BOMLEV -1 @PARA
 Parameter: PARA -> "" <empty>
  
 CHARMM>    read para card flex append

          PARAMETER FILE BEING READ FROM UNIT 99
 RDTITL> * NBFIX BETWEEN CARBOXYLATE AND SODIUM
 RDTITL> *
 PARMIO> NONBOND, HBOND lists and IMAGE atoms cleared.
  
 CHARMM>    BOMLEV @bom @PARA
 Parameter: BOM -> "0"
 Parameter: PARA -> "" <empty>
  
 CHARMM>    WRNLEV @wrn @PARA
 Parameter: WRN -> "5"
 Parameter: PARA -> "" <empty>
  
 CHARMM>     
  
 CHARMM>    return
 VCLOSE: Closing unit   99 with status "KEEP"

                    RETURNING TO INPUT STREAM     5
  
 CHARMM>     
  
 CHARMM>    read sequ ala 3
  
 CHARMM>    generate pro0 first ace last ct3 setup
 THE PATCH 'ACE' WILL BE USED FOR THE FIRST RESIDUE
 THE PATCH 'CT3' WILL BE USED FOR THE LAST  RESIDUE
 GENPSF> Segment   1 has been generated. Its identifier is PRO0.
 PSFSUM> PSF modified: NONBOND lists and IMAGE atoms cleared.
 PSFSUM> Summary of the structure file counters :
         Number of segments      =        1   Number of residues   =        3
         Number of atoms         =       42   Number of groups     =       12
         Number of bonds         =       41   Number of angles     =       72
         Number of dihedrals     =       91   Number of impropers  =        8
         Number of cross-terms   =        3
         Number of HB acceptors  =        4   Number of HB donors  =        4
         Number of NB exclusions =        0   Total charge =    0.00000
  
 CHARMM>    read sequ tip3 465
  
 CHARMM>    generate wt00 setup noangl nodihe
 NO PATCHING WILL BE DONE ON THE FIRST RESIDUE
 NO PATCHING WILL BE DONE ON THE LAST  RESIDUE
 GENPSF> Segment   2 has been generated. Its identifier is WT00.
 PSFSUM> PSF modified: NONBOND lists and IMAGE atoms cleared.
 PSFSUM> Summary of the structure file counters :
         Number of segments      =        2   Number of residues   =      468
         Number of atoms         =     1437   Number of groups     =      477
         Number of bonds         =     1436   Number of angles     =      537
         Number of dihedrals     =       91   Number of impropers  =        8
         Number of cross-terms   =        3
         Number of HB acceptors  =      469   Number of HB donors  =      934
         Number of NB exclusions =        0   Total charge =    0.00000
  
 CHARMM>     
  
 CHARMM>    read coor pdb name ./common/ala3_solv-equil.pdb resi
 VOPEN> Attempting to open::./common/ala3_solv-equil.pdb::
  read CHARMM-pdb format
          SPATIAL COORDINATES BEING READ FROM UNIT 90
 TITLE>    BENCHMARK DYNAMICS FOR TRIALANINE BLOCKED IN A CUBIC BOX OF
 TITLE>    SOLVENT USING PBC W/ PME.  TOTAL SYSTEM CONTAINS 23,558 ATOMS,
 TITLE>    21,069 ATOMS ASSOCIATED WITH WATER MOLECULES AND 2589 PROTEIN ATOMS.
 TITLE>    DATE:     1/16/12     19:41:59      CREATED BY USER: BROOKSCL
 TITLE>  *
 VCLOSE: Closing unit   90 with status "KEEP"
  
 CHARMM>     
  
 CHARMM>    read sequ card
 MAINIO> Sequence information being read from unit   5.
 RDTITL> * ADD IONS
 RDTITL> *
  
 SEQRDR>    4
  
 SEQRDR>    SOD CLA SOD CLA

          RESIDUE SEQUENCE --     4 RESIDUES
          SOD CLA SOD CLA 
  
 CHARMM>     
  
 CHARMM>    generate ions
 NO PATCHING WILL BE DONE ON THE FIRST RESIDUE
 NO PATCHING WILL BE DONE ON THE LAST  RESIDUE
 GENPSF> Segment   3 has been generated. Its identifier is IONS.
 PSFSUM> PSF modified: NONBOND lists and IMAGE atoms cleared.
 PSFSUM> Summary of the structure file counters :
         Number of segments      =        3   Number of residues   =      472
         Number of atoms         =     1441   Number of groups     =      481
         Number of bonds         =     1436   Number of angles     =      537
         Number of dihedrals     =       91   Number of impropers  =        8
         Number of cross-terms   =        3
         Number of HB acceptors  =      469   Number of HB donors  =      934
         Number of NB exclusions =        0   Total charge =    0.00000
  
 CHARMM>     
  
 CHARMM>    set nion = 1
 Parameter: NION <- "1"
  
 CHARMM>    label addions
  
 CHARMM>          define wat select resname tip3 end
 SELRPN>   1395 atoms have been selected out of   1441
  
 CHARMM>          set firstwat = ?selires
 RDCMND substituted energy or value "?SELIRES" to "4"
 Parameter: FIRSTWAT <- "4"
  
 CHARMM>          set lastwat = ?nres
 RDCMND substituted energy or value "?NRES" to "472"
 Parameter: LASTWAT <- "472"
  
 CHARMM>          Calc delwat = int ( ?rand * ( @lastwat - @firstwat ) ) + @firstwat
 Parameter: LASTWAT -> "472"
 Parameter: FIRSTWAT -> "4"
 Parameter: FIRSTWAT -> "4"
 RDCMND substituted energy or value "?RAND" to "0.36869153"
Evaluating: INT(0.36869153*(472-4))+4
 Parameter: DELWAT <- "176"
  
 CHARMM>          coor stat select resname tip3 .and. ires @delwat end
 Parameter: DELWAT -> "176"
 SELRPN>      3 atoms have been selected out of   1441
 STATISTICS FOR         3 SELECTED ATOMS:
    XMIN =    0.735000 XMAX =    1.504000 XAVE =    1.011667
    YMIN =    2.539000 YMAX =    3.403000 YAVE =    2.855333
    ZMIN =   -7.584000 ZMAX =   -6.538000 ZAVE =   -7.022000
    WMIN =    0.000000 WMAX =    0.000000 WAVE =    0.000000
  
 CHARMM>          set x = ?xave
 RDCMND substituted energy or value "?XAVE" to "1.01166667"
 Parameter: X <- "1.01166667"
  
 CHARMM>          set y = ?yave
 RDCMND substituted energy or value "?YAVE" to "2.85533333"
 Parameter: Y <- "2.85533333"
  
 CHARMM>          set z = ?zave
 RDCMND substituted energy or value "?ZAVE" to "-7.022"
 Parameter: Z <- "-7.022"
  
 CHARMM>          scalar x set ?xave select segid ions .and. resid @nion end
 Parameter: NION -> "1"
 RDCMND substituted energy or value "?XAVE" to "1.01166667"
 SELRPN>      1 atoms have been selected out of   1441
  
 CHARMM>          scalar y set ?yave select segid ions .and. resid @nion end
 Parameter: NION -> "1"
 RDCMND substituted energy or value "?YAVE" to "2.85533333"
 SELRPN>      1 atoms have been selected out of   1441
  
 CHARMM>          scalar z set ?zave select segid ions .and. resid @nion end
 Parameter: NION -> "1"
 RDCMND substituted energy or value "?ZAVE" to "-7.022"
 SELRPN>      1 atoms have been selected out of   1441
  
 CHARMM>          delete atom select .byres. ( resname tip3 .and. ires @delwat ) end
 Parameter: DELWAT -> "176"
 SELRPN>      3 atoms have been selected out of   1441

 Message from MAPIC: Atom numbers are changed.

 Message from MAPIC:          1 residues deleted.
 DELTIC:         3 bonds deleted
 DELTIC:         1 angles deleted
 DELTIC:         2 donors deleted
 DELTIC:         1 acceptors deleted
 PSFSUM> PSF modified: NONBOND lists and IMAGE atoms cleared.
 PSFSUM> Summary of the structure file counters :
         Number of segments      =        3   Number of residues   =      471
         Number of atoms         =     1438   Number of groups     =      480
         Number of bonds         =     1433   Number of angles     =      536
         Number of dihedrals     =       91   Number of impropers  =        8
         Number of cross-terms   =        3
         Number of HB acceptors  =      468   Number of HB donors  =      932
         Number of NB exclusions =        0   Total charge =    0.00000
  
 CHARMM>          incr nion by 1
 Parameter: NION <- "2"
  
 CHARMM>    if nion le 4 goto addions
 Comparing "2" and "4".
 IF test evaluated as true.  Performing command
  
 CHARMM>          define wat select resname tip3 end
 SELRPN>   1392 atoms have been selected out of   1438
  
 CHARMM>          set firstwat = ?selires
 RDCMND substituted energy or value "?SELIRES" to "4"
 Parameter: FIRSTWAT <- "4"
  
 CHARMM>          set lastwat = ?nres
 RDCMND substituted energy or value "?NRES" to "471"
 Parameter: LASTWAT <- "471"
  
 CHARMM>          Calc delwat = int ( ?rand * ( @lastwat - @firstwat ) ) + @firstwat
 Parameter: LASTWAT -> "471"
 Parameter: FIRSTWAT -> "4"
 Parameter: FIRSTWAT -> "4"
 RDCMND substituted energy or value "?RAND" to "0.666193285"
Evaluating: INT(0.666193285*(471-4))+4
 Parameter: DELWAT <- "315"
  
 CHARMM>          coor stat select resname tip3 .and. ires @delwat end
 Parameter: DELWAT -> "315"
 SELRPN>      3 atoms have been selected out of   1438
 STATISTICS FOR         3 SELECTED ATOMS:
    XMIN =    6.444000 XMAX =    7.420000 XAVE =    6.784667
    YMIN =    6.107000 YMAX =    7.087000 YAVE =    6.719333
    ZMIN =   -5.366000 ZMAX =   -4.750000 ZAVE =   -5.019000
    WMIN =    0.000000 WMAX =    0.000000 WAVE =    0.000000
  
 CHARMM>          set x = ?xave
 RDCMND substituted energy or value "?XAVE" to "6.78466667"
 Parameter: X <- "6.78466667"
  
 CHARMM>          set y = ?yave
 RDCMND substituted energy or value "?YAVE" to "6.71933333"
 Parameter: Y <- "6.71933333"
  
 CHARMM>          set z = ?zave
 RDCMND substituted energy or value "?ZAVE" to "-5.019"
 Parameter: Z <- "-5.019"
  
 CHARMM>          scalar x set ?xave select segid ions .and. resid @nion end
 Parameter: NION -> "2"
 RDCMND substituted energy or value "?XAVE" to "6.78466667"
 SELRPN>      1 atoms have been selected out of   1438
  
 CHARMM>          scalar y set ?yave select segid ions .and. resid @nion end
 Parameter: NION -> "2"
 RDCMND substituted energy or value "?YAVE" to "6.71933333"
 SELRPN>      1 atoms have been selected out of   1438
  
 CHARMM>          scalar z set ?zave select segid ions .and. resid @nion end
 Parameter: NION -> "2"
 RDCMND substituted energy or value "?ZAVE" to "-5.019"
 SELRPN>      1 atoms have been selected out of   1438
  
 CHARMM>          delete atom select .byres. ( resname tip3 .and. ires @delwat ) end
 Parameter: DELWAT -> "315"
 SELRPN>      3 atoms have been selected out of   1438

 Message from MAPIC: Atom numbers are changed.

 Message from MAPIC:          1 residues deleted.
 DELTIC:         3 bonds deleted
 DELTIC:         1 angles deleted
 DELTIC:         2 donors deleted
 DELTIC:         1 acceptors deleted
 PSFSUM> PSF modified: NONBOND lists and IMAGE atoms cleared.
 PSFSUM> Summary of the structure file counters :
         Number of segments      =        3   Number of residues   =      470
         Number of atoms         =     1435   Number of groups     =      479
         Number of bonds         =     1430   Number of angles     =      535
         Number of dihedrals     =       91   Number of impropers  =        8
         Number of cross-terms   =        3
         Number of HB acceptors  =      467   Number of HB donors  =      930
         Number of NB exclusions =        0   Total charge =    0.00000
  
 CHARMM>          incr nion by 1
 Parameter: NION <- "3"
  
 CHARMM>    if nion le 4 goto addions
 Comparing "3" and "4".
 IF test evaluated as true.  Performing command
  
 CHARMM>          define wat select resname tip3 end
 SELRPN>   1389 atoms have been selected out of   1435
  
 CHARMM>          set firstwat = ?selires
 RDCMND substituted energy or value "?SELIRES" to "4"
 Parameter: FIRSTWAT <- "4"
  
 CHARMM>          set lastwat = ?nres
 RDCMND substituted energy or value "?NRES" to "470"
 Parameter: LASTWAT <- "470"
  
 CHARMM>          Calc delwat = int ( ?rand * ( @lastwat - @firstwat ) ) + @firstwat
 Parameter: LASTWAT -> "470"
 Parameter: FIRSTWAT -> "4"
 Parameter: FIRSTWAT -> "4"
 RDCMND substituted energy or value "?RAND" to "0.688167087"
Evaluating: INT(0.688167087*(470-4))+4
 Parameter: DELWAT <- "324"
  
 CHARMM>          coor stat select resname tip3 .and. ires @delwat end
 Parameter: DELWAT -> "324"
 SELRPN>      3 atoms have been selected out of   1435
 STATISTICS FOR         3 SELECTED ATOMS:
    XMIN =   -2.833000 XMAX =   -2.718000 XAVE =   -2.775333
    YMIN =   -5.761000 YMAX =   -4.933000 YAVE =   -5.406667
    ZMIN =    4.355000 ZMAX =    5.747000 ZAVE =    4.974333
    WMIN =    0.000000 WMAX =    0.000000 WAVE =    0.000000
  
 CHARMM>          set x = ?xave
 RDCMND substituted energy or value "?XAVE" to "-2.77533333"
 Parameter: X <- "-2.77533333"
  
 CHARMM>          set y = ?yave
 RDCMND substituted energy or value "?YAVE" to "-5.40666667"
 Parameter: Y <- "-5.40666667"
  
 CHARMM>          set z = ?zave
 RDCMND substituted energy or value "?ZAVE" to "4.97433333"
 Parameter: Z <- "4.97433333"
  
 CHARMM>          scalar x set ?xave select segid ions .and. resid @nion end
 Parameter: NION -> "3"
 RDCMND substituted energy or value "?XAVE" to "-2.77533333"
 SELRPN>      1 atoms have been selected out of   1435
  
 CHARMM>          scalar y set ?yave select segid ions .and. resid @nion end
 Parameter: NION -> "3"
 RDCMND substituted energy or value "?YAVE" to "-5.40666667"
 SELRPN>      1 atoms have been selected out of   1435
  
 CHARMM>          scalar z set ?zave select segid ions .and. resid @nion end
 Parameter: NION -> "3"
 RDCMND substituted energy or value "?ZAVE" to "4.97433333"
 SELRPN>      1 atoms have been selected out of   1435
  
 CHARMM>          delete atom select .byres. ( resname tip3 .and. ires @delwat ) end
 Parameter: DELWAT -> "324"
 SELRPN>      3 atoms have been selected out of   1435

 Message from MAPIC: Atom numbers are changed.

 Message from MAPIC:          1 residues deleted.
 DELTIC:         3 bonds deleted
 DELTIC:         1 angles deleted
 DELTIC:         2 donors deleted
 DELTIC:         1 acceptors deleted
 PSFSUM> PSF modified: NONBOND lists and IMAGE atoms cleared.
 PSFSUM> Summary of the structure file counters :
         Number of segments      =        3   Number of residues   =      469
         Number of atoms         =     1432   Number of groups     =      478
         Number of bonds         =     1427   Number of angles     =      534
         Number of dihedrals     =       91   Number of impropers  =        8
         Number of cross-terms   =        3
         Number of HB acceptors  =      466   Number of HB donors  =      928
         Number of NB exclusions =        0   Total charge =    0.00000
  
 CHARMM>          incr nion by 1
 Parameter: NION <- "4"
  
 CHARMM>    if nion le 4 goto addions
 Comparing "4" and "4".
 IF test evaluated as true.  Performing command
  
 CHARMM>          define wat select resname tip3 end
 SELRPN>   1386 atoms have been selected out of   1432
  
 CHARMM>          set firstwat = ?selires
 RDCMND substituted energy or value "?SELIRES" to "4"
 Parameter: FIRSTWAT <- "4"
  
 CHARMM>          set lastwat = ?nres
 RDCMND substituted energy or value "?NRES" to "469"
 Parameter: LASTWAT <- "469"
  
 CHARMM>          Calc delwat = int ( ?rand * ( @lastwat - @firstwat ) ) + @firstwat
 Parameter: LASTWAT -> "469"
 Parameter: FIRSTWAT -> "4"
 Parameter: FIRSTWAT -> "4"
 RDCMND substituted energy or value "?RAND" to "0.374587745"
Evaluating: INT(0.374587745*(469-4))+4
 Parameter: DELWAT <- "178"
  
 CHARMM>          coor stat select resname tip3 .and. ires @delwat end
 Parameter: DELWAT -> "178"
 SELRPN>      3 atoms have been selected out of   1432
 STATISTICS FOR         3 SELECTED ATOMS:
    XMIN =   -2.986000 XMAX =   -2.009000 XAVE =   -2.445000
    YMIN =   -3.283000 YMAX =   -2.590000 YAVE =   -2.999333
    ZMIN =    3.857000 ZMAX =    4.882000 ZAVE =    4.245667
    WMIN =    0.000000 WMAX =    0.000000 WAVE =    0.000000
  
 CHARMM>          set x = ?xave
 RDCMND substituted energy or value "?XAVE" to "-2.445"
 Parameter: X <- "-2.445"
  
 CHARMM>          set y = ?yave
 RDCMND substituted energy or value "?YAVE" to "-2.99933333"
 Parameter: Y <- "-2.99933333"
  
 CHARMM>          set z = ?zave
 RDCMND substituted energy or value "?ZAVE" to "4.24566667"
 Parameter: Z <- "4.24566667"
  
 CHARMM>          scalar x set ?xave select segid ions .and. resid @nion end
 Parameter: NION -> "4"
 RDCMND substituted energy or value "?XAVE" to "-2.445"
 SELRPN>      1 atoms have been selected out of   1432
  
 CHARMM>          scalar y set ?yave select segid ions .and. resid @nion end
 Parameter: NION -> "4"
 RDCMND substituted energy or value "?YAVE" to "-2.99933333"
 SELRPN>      1 atoms have been selected out of   1432
  
 CHARMM>          scalar z set ?zave select segid ions .and. resid @nion end
 Parameter: NION -> "4"
 RDCMND substituted energy or value "?ZAVE" to "4.24566667"
 SELRPN>      1 atoms have been selected out of   1432
  
 CHARMM>          delete atom select .byres. ( resname tip3 .and. ires @delwat ) end
 Parameter: DELWAT -> "178"
 SELRPN>      3 atoms have been selected out of   1432

 Message from MAPIC: Atom numbers are changed.

 Message from MAPIC:          1 residues deleted.
 DELTIC:         3 bonds deleted
 DELTIC:         1 angles deleted
 DELTIC:         2 donors deleted
 DELTIC:         1 acceptors deleted
 PSFSUM> PSF modified: NONBOND lists and IMAGE atoms cleared.
 PSFSUM> Summary of the structure file counters :
         Number of segments      =        3   Number of residues   =      468
         Number of atoms         =     1429   Number of groups     =      477
         Number of bonds         =     1424   Number of angles     =      533
         Number of dihedrals     =       91   Number of impropers  =        8
         Number of cross-terms   =        3
         Number of HB acceptors  =      465   Number of HB donors  =      926
         Number of NB exclusions =        0   Total charge =    0.00000
  
 CHARMM>          incr nion by 1
 Parameter: NION <- "5"
  
 CHARMM>    if nion le 4 goto addions
 Comparing "5" and "4".
 IF test evaluated as false.  Skipping command
  
 CHARMM>     
  
 CHARMM>    mini sd nstep 50

 NONBOND OPTION FLAGS: 
     ELEC     VDW      ATOMs    CDIElec  FSHIft   VATOm    VFSWIt  
     BYGRoup  NOEXtnd  NOEWald 
 CUTNB  = 14.000 CTEXNB =999.000 CTONNB = 10.000 CTOFNB = 12.000
 CGONNB =  0.000 CGOFNB = 10.000
 WMIN   =  1.500 WRNMXD =  0.500 E14FAC =  1.000 EPS    =  1.000
 NBXMOD =      5
 There are        0 atom  pairs and        0 atom  exclusions.
 There are        0 group pairs and        0 group exclusions.
 <MAKINB> with mode   5 found   1496 exclusions and     91 interactions(1-4)
 <MAKGRP> found     27 group exclusions.
 Generating nonbond list with Exclusion mode = 5
 == PRIMARY == SPACE FOR   410625 ATOM PAIRS AND        0 GROUP PAIRS

 General atom nonbond list generation found:
   378905 ATOM PAIRS WERE FOUND FOR ATOM LIST
    16486 GROUP PAIRS REQUIRED ATOM SEARCHES



 STEEPD> An energy minimization has been requested.

 NSTEP  =           50   NPRINT =           10
 STEP   =    0.0200000   TOLFUN =    0.0000000
 TOLGRD =    0.0000000   TOLSTP =    0.0000000

MINI MIN: Cycle      ENERgy      Delta-E         GRMS    Step-size
MINI INTERN:          BONDs       ANGLes       UREY-b    DIHEdrals    IMPRopers
MINI CROSS:           CMAPs        PMF1D        PMF2D        PRIMO
MINI EXTERN:        VDWaals         ELEC       HBONds          ASP         USER
 ----------       ---------    ---------    ---------    ---------    ---------
MINI>        0  -3342.54587      0.00000     17.25103      0.02000
MINI INTERN>        6.03396     18.10608      1.62538     14.24671      2.97437
MINI CROSS>        -3.90174      0.00000      0.00000      0.00000
MINI EXTERN>      604.40151  -3986.03214      0.00000      0.00000      0.00000
 ----------       ---------    ---------    ---------    ---------    ---------
MINI>       10  -4095.14800    752.60213      4.88256      0.00373
MINI INTERN>      122.75395     89.57727      0.38383     12.42218      0.45923
MINI CROSS>        -4.02751      0.00000      0.00000      0.00000
MINI EXTERN>      396.88850  -4713.60546      0.00000      0.00000      0.00000
 ----------       ---------    ---------    ---------    ---------    ---------
MINI>       20  -4240.89038    145.74238      2.03603      0.00167
MINI INTERN>      114.28021     89.25305      0.20915     12.23189      0.29985
MINI CROSS>        -4.05961      0.00000      0.00000      0.00000
MINI EXTERN>      391.14225  -4844.24718      0.00000      0.00000      0.00000
 ----------       ---------    ---------    ---------    ---------    ---------
MINI>       30  -4334.59356     93.70318      2.46711      0.00180
MINI INTERN>      118.96718     90.47653      0.17965     12.09281      0.27844
MINI CROSS>        -4.04780      0.00000      0.00000      0.00000
MINI EXTERN>      389.15765  -4941.69802      0.00000      0.00000      0.00000
 ----------       ---------    ---------    ---------    ---------    ---------
MINI>       40  -4404.94359     70.35003      1.92654      0.00193
MINI INTERN>      120.39282     91.12316      0.17860     11.96124      0.28148
MINI CROSS>        -4.03405      0.00000      0.00000      0.00000
MINI EXTERN>      389.89271  -5014.73956      0.00000      0.00000      0.00000
 ----------       ---------    ---------    ---------    ---------    ---------
MINI>       50  -4455.69477     50.75117      3.82123      0.00208
MINI INTERN>      128.57953     92.63016      0.17826     11.85444      0.29790
MINI CROSS>        -4.07947      0.00000      0.00000      0.00000
MINI EXTERN>      392.69219  -5077.84777      0.00000      0.00000      0.00000
 ----------       ---------    ---------    ---------    ---------    ---------

 STEEPD> Minimization exiting with number of steps limit (        50) exceeded.

STPD MIN: Cycle      ENERgy      Delta-E         GRMS    Step-size
STPD INTERN:          BONDs       ANGLes       UREY-b    DIHEdrals    IMPRopers
STPD CROSS:           CMAPs        PMF1D        PMF2D        PRIMO
STPD EXTERN:        VDWaals         ELEC       HBONds          ASP         USER
 ----------       ---------    ---------    ---------    ---------    ---------
STPD>       50  -4455.69477     50.75117      3.82123      0.00104
STPD INTERN>      128.57953     92.63016      0.17826     11.85444      0.29790
STPD CROSS>        -4.07947      0.00000      0.00000      0.00000
STPD EXTERN>      392.69219  -5077.84777      0.00000      0.00000      0.00000
 ----------       ---------    ---------    ---------    ---------    ---------
  
 CHARMM>     
  
 CHARMM>     
  
 CHARMM>    write psf card name ./common/ala3.psf
 VOPEN> Attempting to open::./common/ala3.psf::
 RDTITL> * ALA3 SYSTEM
 RDTITL> *
 VCLOSE: Closing unit   90 with status "KEEP"
  
 CHARMM>     
  
 CHARMM>    write coor card name ./common/ala3.cor
 VOPEN> Attempting to open::./common/ala3.cor::
 RDTITL> * ALA3 SYSTEM
 RDTITL> *
 VCLOSE: Closing unit   90 with status "KEEP"
 VCLOSE: Closing unit   90 with status "KEEP"
  
 CHARMM>     
  
 CHARMM>    stop
$$$$$$  New timer profile $$$$$
      Nonbond force                   0.43 Other:            0.00
         Bond energy                     0.00 Other:            0.00
         Angle energy                    0.00 Other:            0.00
         Dihedral energy                 0.00 Other:            0.00
         Restraints energy               0.00 Other:            0.00
      INTRNL energy                   0.00 Other:            0.00
   Energy time                     0.44 Other:            0.00
 Total time                      0.62 Other:            0.19

                    NORMAL TERMINATION BY NORMAL STOP
                    MOST SEVERE WARNING WAS AT LEVEL  0

                    $$$$$ JOB ACCOUNTING INFORMATION $$$$$
                     ELAPSED TIME:     0.62  SECONDS 
                         CPU TIME:     0.58  SECONDS 
